2026-05-20 23:41:35.775 +05:30 [INF] Starting Invoxa application
2026-05-20 23:41:38.539 +05:30 [INF] Executed DbCommand (35ms) [Parameters=[], CommandType='"Text"', CommandTimeout='30']
SELECT COUNT(*) FROM "sqlite_master" WHERE "type" = 'table' AND "rootpage" IS NOT NULL;
2026-05-20 23:41:38.748 +05:30 [INF] User profile is available. Using 'C:\Users\saldubey\AppData\Local\ASP.NET\DataProtection-Keys' as key repository and Windows DPAPI to encrypt keys at rest.
2026-05-20 23:41:39.054 +05:30 [INF] Now listening on: http://localhost:5113
2026-05-20 23:41:39.104 +05:30 [INF] Application started. Press Ctrl+C to shut down.
2026-05-20 23:41:39.147 +05:30 [INF] Hosting environment: Development
2026-05-20 23:41:39.152 +05:30 [INF] Content root path: C:\Users\saldubey\InvoiceProcessingWebApp
2026-05-20 23:41:57.615 +05:30 [INF] Request starting HTTP/1.1 GET http://localhost:5113/ - null null
2026-05-20 23:41:57.675 +05:30 [WRN] Failed to determine the https port for redirect.
2026-05-20 23:41:57.763 +05:30 [INF] Executing endpoint '/Index'
2026-05-20 23:41:57.952 +05:30 [INF] Route matched with {page = "/Index"}. Executing page /Index
2026-05-20 23:41:57.973 +05:30 [INF] Executing handler method InvoiceProcessingWebApp.Pages.IndexModel.OnGet - ModelState is "Valid"
2026-05-20 23:41:58.485 +05:30 [INF] Executed DbCommand (1ms) [Parameters=[], CommandType='"Text"', CommandTimeout='30']
SELECT COUNT(*)
FROM "Invoices" AS "i"
2026-05-20 23:41:58.544 +05:30 [INF] Executed DbCommand (0ms) [Parameters=[], CommandType='"Text"', CommandTimeout='30']
SELECT COUNT(*)
FROM "Invoices" AS "i"
WHERE "i"."Status" = 'Approved'
2026-05-20 23:41:58.553 +05:30 [INF] Executed DbCommand (0ms) [Parameters=[], CommandType='"Text"', CommandTimeout='30']
SELECT COUNT(*)
FROM "Invoices" AS "i"
WHERE "i"."Status" = 'Pending'
2026-05-20 23:41:58.569 +05:30 [INF] Executed DbCommand (0ms) [Parameters=[], CommandType='"Text"', CommandTimeout='30']
SELECT EXISTS (
    SELECT 1
    FROM "Invoices" AS "i")
2026-05-20 23:41:58.606 +05:30 [INF] Executed DbCommand (9ms) [Parameters=[], CommandType='"Text"', CommandTimeout='30']
SELECT COALESCE(ef_sum("i"."Amount"), '0.0')
FROM "Invoices" AS "i"
2026-05-20 23:41:58.612 +05:30 [INF] Executed handler method OnGet, returned result .
2026-05-20 23:41:58.619 +05:30 [INF] Executing an implicit handler method - ModelState is "Valid"
2026-05-20 23:41:58.621 +05:30 [INF] Executed an implicit handler method, returned result Microsoft.AspNetCore.Mvc.RazorPages.PageResult.
2026-05-20 23:41:58.793 +05:30 [INF] Executed page /Index in 831.8675ms
2026-05-20 23:41:58.798 +05:30 [INF] Executed endpoint '/Index'
2026-05-20 23:41:58.804 +05:30 [INF] HTTP GET / responded 200 in 1041.0425 ms
2026-05-20 23:41:58.835 +05:30 [INF] Request finished HTTP/1.1 GET http://localhost:5113/ - 200 null text/html; charset=utf-8 1225.0374ms
2026-05-20 23:42:08.464 +05:30 [INF] Request starting HTTP/1.1 GET http://localhost:5113/Account/Login - null null
2026-05-20 23:42:08.490 +05:30 [INF] Executing endpoint '/Account/Login'
2026-05-20 23:42:08.530 +05:30 [INF] Route matched with {page = "/Account/Login"}. Executing page /Account/Login
2026-05-20 23:42:08.557 +05:30 [INF] Executing handler method InvoiceProcessingWebApp.Pages.Account.LoginModel.OnGet - ModelState is "Valid"
2026-05-20 23:42:08.560 +05:30 [INF] Executed handler method OnGet, returned result .
2026-05-20 23:42:08.562 +05:30 [INF] Executing an implicit handler method - ModelState is "Valid"
2026-05-20 23:42:08.564 +05:30 [INF] Executed an implicit handler method, returned result Microsoft.AspNetCore.Mvc.RazorPages.PageResult.
2026-05-20 23:42:08.655 +05:30 [INF] Executed page /Account/Login in 122.8974ms
2026-05-20 23:42:08.658 +05:30 [INF] Executed endpoint '/Account/Login'
2026-05-20 23:42:08.660 +05:30 [INF] HTTP GET /Account/Login responded 200 in 170.1158 ms
2026-05-20 23:42:08.672 +05:30 [INF] Request finished HTTP/1.1 GET http://localhost:5113/Account/Login - 200 null text/html; charset=utf-8 207.6078ms
2026-05-20 23:42:18.823 +05:30 [INF] Request starting HTTP/1.1 POST http://localhost:5113/Account/Login - application/x-www-form-urlencoded 265
2026-05-20 23:42:18.846 +05:30 [INF] Executing endpoint '/Account/Login'
2026-05-20 23:42:18.852 +05:30 [INF] Route matched with {page = "/Account/Login"}. Executing page /Account/Login
2026-05-20 23:42:18.905 +05:30 [INF] Executing handler method InvoiceProcessingWebApp.Pages.Account.LoginModel.OnPostAsync - ModelState is "Valid"
2026-05-20 23:42:19.148 +05:30 [ERR] Failed executing DbCommand (7ms) [Parameters=[@normalizedUserName='?' (Size = 23)], CommandType='"Text"', CommandTimeout='30']
SELECT "a"."Id", "a"."AccessFailedCount", "a"."ConcurrencyStamp", "a"."Email", "a"."EmailConfirmed", "a"."LockoutEnabled", "a"."LockoutEnd", "a"."NormalizedEmail", "a"."NormalizedUserName", "a"."PasswordHash", "a"."PhoneNumber", "a"."PhoneNumberConfirmed", "a"."SecurityStamp", "a"."TwoFactorEnabled", "a"."UserName"
FROM "AspNetUsers" AS "a"
WHERE "a"."NormalizedUserName" = @normalizedUserName
LIMIT 1
2026-05-20 23:42:19.182 +05:30 [ERR] An exception occurred while iterating over the results of a query for context type 'InvoiceProcessingWebApp.Data.AppDbContext'.
Microsoft.Data.Sqlite.SqliteException (0x80004005): SQLite Error 1: 'no such table: AspNetUsers'.
   at Microsoft.Data.Sqlite.SqliteException.ThrowExceptionForRC(Int32 rc, sqlite3 db)
   at Microsoft.Data.Sqlite.SqliteCommand.PrepareAndEnumerateStatements()+MoveNext()
   at Microsoft.Data.Sqlite.SqliteCommand.GetStatements()+MoveNext()
   at Microsoft.Data.Sqlite.SqliteDataReader.NextResult()
   at Microsoft.Data.Sqlite.SqliteCommand.ExecuteReader(CommandBehavior behavior)
   at Microsoft.Data.Sqlite.SqliteCommand.ExecuteReaderAsync(CommandBehavior behavior, CancellationToken cancellationToken)
   at Microsoft.Data.Sqlite.SqliteCommand.ExecuteDbDataReaderAsync(CommandBehavior behavior, CancellationToken cancellationToken)
   at Microsoft.EntityFrameworkCore.Storage.RelationalCommand.ExecuteReaderAsync(RelationalCommandParameterObject parameterObject, CancellationToken cancellationToken)
   at Microsoft.EntityFrameworkCore.Storage.RelationalCommand.ExecuteReaderAsync(RelationalCommandParameterObject parameterObject, CancellationToken cancellationToken)
   at Microsoft.EntityFrameworkCore.Query.Internal.SingleQueryingEnumerable`1.AsyncEnumerator.InitializeReaderAsync(AsyncEnumerator enumerator, CancellationToken cancellationToken)
   at Microsoft.EntityFrameworkCore.Query.Internal.SingleQueryingEnumerable`1.AsyncEnumerator.MoveNextAsync()
Microsoft.Data.Sqlite.SqliteException (0x80004005): SQLite Error 1: 'no such table: AspNetUsers'.
   at Microsoft.Data.Sqlite.SqliteException.ThrowExceptionForRC(Int32 rc, sqlite3 db)
   at Microsoft.Data.Sqlite.SqliteCommand.PrepareAndEnumerateStatements()+MoveNext()
   at Microsoft.Data.Sqlite.SqliteCommand.GetStatements()+MoveNext()
   at Microsoft.Data.Sqlite.SqliteDataReader.NextResult()
   at Microsoft.Data.Sqlite.SqliteCommand.ExecuteReader(CommandBehavior behavior)
   at Microsoft.Data.Sqlite.SqliteCommand.ExecuteReaderAsync(CommandBehavior behavior, CancellationToken cancellationToken)
   at Microsoft.Data.Sqlite.SqliteCommand.ExecuteDbDataReaderAsync(CommandBehavior behavior, CancellationToken cancellationToken)
   at Microsoft.EntityFrameworkCore.Storage.RelationalCommand.ExecuteReaderAsync(RelationalCommandParameterObject parameterObject, CancellationToken cancellationToken)
   at Microsoft.EntityFrameworkCore.Storage.RelationalCommand.ExecuteReaderAsync(RelationalCommandParameterObject parameterObject, CancellationToken cancellationToken)
   at Microsoft.EntityFrameworkCore.Query.Internal.SingleQueryingEnumerable`1.AsyncEnumerator.InitializeReaderAsync(AsyncEnumerator enumerator, CancellationToken cancellationToken)
   at Microsoft.EntityFrameworkCore.Query.Internal.SingleQueryingEnumerable`1.AsyncEnumerator.MoveNextAsync()
2026-05-20 23:42:19.193 +05:30 [INF] Executed page /Account/Login in 328.001ms
2026-05-20 23:42:19.197 +05:30 [INF] Executed endpoint '/Account/Login'
2026-05-20 23:42:19.200 +05:30 [ERR] HTTP POST /Account/Login responded 500 in 354.4635 ms
Microsoft.Data.Sqlite.SqliteException (0x80004005): SQLite Error 1: 'no such table: AspNetUsers'.
   at Microsoft.Data.Sqlite.SqliteException.ThrowExceptionForRC(Int32 rc, sqlite3 db)
   at Microsoft.Data.Sqlite.SqliteCommand.PrepareAndEnumerateStatements()+MoveNext()
   at Microsoft.Data.Sqlite.SqliteCommand.GetStatements()+MoveNext()
   at Microsoft.Data.Sqlite.SqliteDataReader.NextResult()
   at Microsoft.Data.Sqlite.SqliteCommand.ExecuteReader(CommandBehavior behavior)
   at Microsoft.Data.Sqlite.SqliteCommand.ExecuteReaderAsync(CommandBehavior behavior, CancellationToken cancellationToken)
   at Microsoft.Data.Sqlite.SqliteCommand.ExecuteDbDataReaderAsync(CommandBehavior behavior, CancellationToken cancellationToken)
   at Microsoft.EntityFrameworkCore.Storage.RelationalCommand.ExecuteReaderAsync(RelationalCommandParameterObject parameterObject, CancellationToken cancellationToken)
   at Microsoft.EntityFrameworkCore.Storage.RelationalCommand.ExecuteReaderAsync(RelationalCommandParameterObject parameterObject, CancellationToken cancellationToken)
   at Microsoft.EntityFrameworkCore.Query.Internal.SingleQueryingEnumerable`1.AsyncEnumerator.InitializeReaderAsync(AsyncEnumerator enumerator, CancellationToken cancellationToken)
   at Microsoft.EntityFrameworkCore.Query.Internal.SingleQueryingEnumerable`1.AsyncEnumerator.MoveNextAsync()
   at Microsoft.EntityFrameworkCore.Query.ShapedQueryCompilingExpressionVisitor.SingleOrDefaultAsync[TSource](IAsyncEnumerable`1 asyncEnumerable, CancellationToken cancellationToken)
   at Microsoft.EntityFrameworkCore.Query.ShapedQueryCompilingExpressionVisitor.SingleOrDefaultAsync[TSource](IAsyncEnumerable`1 asyncEnumerable, CancellationToken cancellationToken)
   at Microsoft.AspNetCore.Identity.UserManager`1.FindByNameAsync(String userName)
   at Microsoft.AspNetCore.Identity.SignInManager`1.PasswordSignInAsync(String userName, String password, Boolean isPersistent, Boolean lockoutOnFailure)
   at InvoiceProcessingWebApp.Pages.Account.LoginModel.OnPostAsync(String returnUrl) in C:\Users\saldubey\InvoiceProcessingWebApp\Pages\Account\Login.cshtml.cs:line 45
   at Microsoft.AspNetCore.Mvc.RazorPages.Infrastructure.ExecutorFactory.GenericTaskHandlerMethod.Convert[T](Object taskAsObject)
   at Microsoft.AspNetCore.Mvc.RazorPages.Infrastructure.ExecutorFactory.GenericTaskHandlerMethod.Execute(Object receiver, Object[] arguments)
   at Microsoft.AspNetCore.Mvc.RazorPages.Infrastructure.PageActionInvoker.InvokeHandlerMethodAsync()
   at Microsoft.AspNetCore.Mvc.RazorPages.Infrastructure.PageActionInvoker.InvokeNextPageFilterAsync()
   at Microsoft.AspNetCore.Mvc.RazorPages.Infrastructure.PageActionInvoker.Rethrow(PageHandlerExecutedContext context)
   at Microsoft.AspNetCore.Mvc.RazorPages.Infrastructure.PageActionInvoker.Next(State& next, Scope& scope, Object& state, Boolean& isCompleted)
   at Microsoft.AspNetCore.Mvc.RazorPages.Infrastructure.PageActionInvoker.InvokeInnerFilterAsync()
   at Microsoft.AspNetCore.Mvc.Infrastructure.ResourceInvoker.<InvokeNextResourceFilter>g__Awaited|25_0(ResourceInvoker invoker, Task lastTask, State next, Scope scope, Object state, Boolean isCompleted)
   at Microsoft.AspNetCore.Mvc.Infrastructure.ResourceInvoker.Rethrow(ResourceExecutedContextSealed context)
   at Microsoft.AspNetCore.Mvc.Infrastructure.ResourceInvoker.Next(State& next, Scope& scope, Object& state, Boolean& isCompleted)
   at Microsoft.AspNetCore.Mvc.Infrastructure.ResourceInvoker.InvokeFilterPipelineAsync()
--- End of stack trace from previous location ---
   at Microsoft.AspNetCore.Mvc.Infrastructure.ResourceInvoker.<InvokeAsync>g__Logged|17_1(ResourceInvoker invoker)
   at Microsoft.AspNetCore.Mvc.Infrastructure.ResourceInvoker.<InvokeAsync>g__Logged|17_1(ResourceInvoker invoker)
   at Microsoft.AspNetCore.Routing.EndpointMiddleware.<Invoke>g__AwaitRequestTask|7_0(Endpoint endpoint, Task requestTask, ILogger logger)
   at Serilog.AspNetCore.RequestLoggingMiddleware.Invoke(HttpContext httpContext)
2026-05-20 23:42:19.234 +05:30 [ERR] An unhandled exception has occurred while executing the request.
Microsoft.Data.Sqlite.SqliteException (0x80004005): SQLite Error 1: 'no such table: AspNetUsers'.
   at Microsoft.Data.Sqlite.SqliteException.ThrowExceptionForRC(Int32 rc, sqlite3 db)
   at Microsoft.Data.Sqlite.SqliteCommand.PrepareAndEnumerateStatements()+MoveNext()
   at Microsoft.Data.Sqlite.SqliteCommand.GetStatements()+MoveNext()
   at Microsoft.Data.Sqlite.SqliteDataReader.NextResult()
   at Microsoft.Data.Sqlite.SqliteCommand.ExecuteReader(CommandBehavior behavior)
   at Microsoft.Data.Sqlite.SqliteCommand.ExecuteReaderAsync(CommandBehavior behavior, CancellationToken cancellationToken)
   at Microsoft.Data.Sqlite.SqliteCommand.ExecuteDbDataReaderAsync(CommandBehavior behavior, CancellationToken cancellationToken)
   at Microsoft.EntityFrameworkCore.Storage.RelationalCommand.ExecuteReaderAsync(RelationalCommandParameterObject parameterObject, CancellationToken cancellationToken)
   at Microsoft.EntityFrameworkCore.Storage.RelationalCommand.ExecuteReaderAsync(RelationalCommandParameterObject parameterObject, CancellationToken cancellationToken)
   at Microsoft.EntityFrameworkCore.Query.Internal.SingleQueryingEnumerable`1.AsyncEnumerator.InitializeReaderAsync(AsyncEnumerator enumerator, CancellationToken cancellationToken)
   at Microsoft.EntityFrameworkCore.Query.Internal.SingleQueryingEnumerable`1.AsyncEnumerator.MoveNextAsync()
   at Microsoft.EntityFrameworkCore.Query.ShapedQueryCompilingExpressionVisitor.SingleOrDefaultAsync[TSource](IAsyncEnumerable`1 asyncEnumerable, CancellationToken cancellationToken)
   at Microsoft.EntityFrameworkCore.Query.ShapedQueryCompilingExpressionVisitor.SingleOrDefaultAsync[TSource](IAsyncEnumerable`1 asyncEnumerable, CancellationToken cancellationToken)
   at Microsoft.AspNetCore.Identity.UserManager`1.FindByNameAsync(String userName)
   at Microsoft.AspNetCore.Identity.SignInManager`1.PasswordSignInAsync(String userName, String password, Boolean isPersistent, Boolean lockoutOnFailure)
   at InvoiceProcessingWebApp.Pages.Account.LoginModel.OnPostAsync(String returnUrl) in C:\Users\saldubey\InvoiceProcessingWebApp\Pages\Account\Login.cshtml.cs:line 45
   at Microsoft.AspNetCore.Mvc.RazorPages.Infrastructure.ExecutorFactory.GenericTaskHandlerMethod.Convert[T](Object taskAsObject)
   at Microsoft.AspNetCore.Mvc.RazorPages.Infrastructure.ExecutorFactory.GenericTaskHandlerMethod.Execute(Object receiver, Object[] arguments)
   at Microsoft.AspNetCore.Mvc.RazorPages.Infrastructure.PageActionInvoker.InvokeHandlerMethodAsync()
   at Microsoft.AspNetCore.Mvc.RazorPages.Infrastructure.PageActionInvoker.InvokeNextPageFilterAsync()
   at Microsoft.AspNetCore.Mvc.RazorPages.Infrastructure.PageActionInvoker.Rethrow(PageHandlerExecutedContext context)
   at Microsoft.AspNetCore.Mvc.RazorPages.Infrastructure.PageActionInvoker.Next(State& next, Scope& scope, Object& state, Boolean& isCompleted)
   at Microsoft.AspNetCore.Mvc.RazorPages.Infrastructure.PageActionInvoker.InvokeInnerFilterAsync()
   at Microsoft.AspNetCore.Mvc.Infrastructure.ResourceInvoker.<InvokeNextResourceFilter>g__Awaited|25_0(ResourceInvoker invoker, Task lastTask, State next, Scope scope, Object state, Boolean isCompleted)
   at Microsoft.AspNetCore.Mvc.Infrastructure.ResourceInvoker.Rethrow(ResourceExecutedContextSealed context)
   at Microsoft.AspNetCore.Mvc.Infrastructure.ResourceInvoker.Next(State& next, Scope& scope, Object& state, Boolean& isCompleted)
   at Microsoft.AspNetCore.Mvc.Infrastructure.ResourceInvoker.InvokeFilterPipelineAsync()
--- End of stack trace from previous location ---
   at Microsoft.AspNetCore.Mvc.Infrastructure.ResourceInvoker.<InvokeAsync>g__Logged|17_1(ResourceInvoker invoker)
   at Microsoft.AspNetCore.Mvc.Infrastructure.ResourceInvoker.<InvokeAsync>g__Logged|17_1(ResourceInvoker invoker)
   at Microsoft.AspNetCore.Routing.EndpointMiddleware.<Invoke>g__AwaitRequestTask|7_0(Endpoint endpoint, Task requestTask, ILogger logger)
   at Serilog.AspNetCore.RequestLoggingMiddleware.Invoke(HttpContext httpContext)
   at Microsoft.AspNetCore.Authorization.AuthorizationMiddleware.Invoke(HttpContext context)
   at Microsoft.AspNetCore.Authentication.AuthenticationMiddleware.Invoke(HttpContext context)
   at Program.<>c.<<<Main>$>b__0_5>d.MoveNext() in C:\Users\saldubey\InvoiceProcessingWebApp\Program.cs:line 92
--- End of stack trace from previous location ---
   at Microsoft.AspNetCore.Diagnostics.DeveloperExceptionPageMiddlewareImpl.Invoke(HttpContext context)
2026-05-20 23:42:19.289 +05:30 [INF] Request finished HTTP/1.1 POST http://localhost:5113/Account/Login - 500 null text/html; charset=utf-8 466.4043ms
2026-05-20 23:42:23.969 +05:30 [INF] Request starting HTTP/1.1 GET http://localhost:5113/Account/Login - null null
2026-05-20 23:42:23.974 +05:30 [INF] Executing endpoint '/Account/Login'
2026-05-20 23:42:23.978 +05:30 [INF] Route matched with {page = "/Account/Login"}. Executing page /Account/Login
2026-05-20 23:42:24.020 +05:30 [INF] Executing handler method InvoiceProcessingWebApp.Pages.Account.LoginModel.OnGet - ModelState is "Valid"
2026-05-20 23:42:24.022 +05:30 [INF] Executed handler method OnGet, returned result .
2026-05-20 23:42:24.024 +05:30 [INF] Executing an implicit handler method - ModelState is "Valid"
2026-05-20 23:42:24.026 +05:30 [INF] Executed an implicit handler method, returned result Microsoft.AspNetCore.Mvc.RazorPages.PageResult.
2026-05-20 23:42:24.034 +05:30 [INF] Executed page /Account/Login in 51.938ms
2026-05-20 23:42:24.038 +05:30 [INF] Executed endpoint '/Account/Login'
2026-05-20 23:42:24.052 +05:30 [INF] HTTP GET /Account/Login responded 200 in 77.9660 ms
2026-05-20 23:42:24.076 +05:30 [INF] Request finished HTTP/1.1 GET http://localhost:5113/Account/Login - 200 null text/html; charset=utf-8 107.6479ms
2026-05-20 23:42:27.762 +05:30 [INF] Request starting HTTP/1.1 GET http://localhost:5113/Account/Register - null null
2026-05-20 23:42:28.028 +05:30 [INF] Executing endpoint '/Account/Register'
2026-05-20 23:42:28.049 +05:30 [INF] Route matched with {page = "/Account/Register"}. Executing page /Account/Register
2026-05-20 23:42:28.053 +05:30 [INF] Executing an implicit handler method - ModelState is "Valid"
2026-05-20 23:42:28.056 +05:30 [INF] Executed an implicit handler method, returned result Microsoft.AspNetCore.Mvc.RazorPages.PageResult.
2026-05-20 23:42:28.139 +05:30 [INF] Executed page /Account/Register in 87.1499ms
2026-05-20 23:42:28.505 +05:30 [INF] Executed endpoint '/Account/Register'
2026-05-20 23:42:28.525 +05:30 [INF] HTTP GET /Account/Register responded 200 in 497.1786 ms
2026-05-20 23:42:28.534 +05:30 [INF] Request finished HTTP/1.1 GET http://localhost:5113/Account/Register - 200 null text/html; charset=utf-8 772.4003ms
2026-05-20 23:42:45.529 +05:30 [INF] Request starting HTTP/1.1 POST http://localhost:5113/Account/Register - application/x-www-form-urlencoded 303
2026-05-20 23:42:45.565 +05:30 [INF] Executing endpoint '/Account/Register'
2026-05-20 23:42:45.572 +05:30 [INF] Route matched with {page = "/Account/Register"}. Executing page /Account/Register
2026-05-20 23:42:45.585 +05:30 [INF] Executing handler method InvoiceProcessingWebApp.Pages.Account.RegisterModel.OnPostAsync - ModelState is "Valid"
2026-05-20 23:42:45.742 +05:30 [ERR] Failed executing DbCommand (0ms) [Parameters=[@normalizedUserName='?' (Size = 23)], CommandType='"Text"', CommandTimeout='30']
SELECT "a"."Id", "a"."AccessFailedCount", "a"."ConcurrencyStamp", "a"."Email", "a"."EmailConfirmed", "a"."LockoutEnabled", "a"."LockoutEnd", "a"."NormalizedEmail", "a"."NormalizedUserName", "a"."PasswordHash", "a"."PhoneNumber", "a"."PhoneNumberConfirmed", "a"."SecurityStamp", "a"."TwoFactorEnabled", "a"."UserName"
FROM "AspNetUsers" AS "a"
WHERE "a"."NormalizedUserName" = @normalizedUserName
LIMIT 1
2026-05-20 23:42:45.747 +05:30 [ERR] An exception occurred while iterating over the results of a query for context type 'InvoiceProcessingWebApp.Data.AppDbContext'.
Microsoft.Data.Sqlite.SqliteException (0x80004005): SQLite Error 1: 'no such table: AspNetUsers'.
   at Microsoft.Data.Sqlite.SqliteException.ThrowExceptionForRC(Int32 rc, sqlite3 db)
   at Microsoft.Data.Sqlite.SqliteCommand.PrepareAndEnumerateStatements()+MoveNext()
   at Microsoft.Data.Sqlite.SqliteCommand.GetStatements()+MoveNext()
   at Microsoft.Data.Sqlite.SqliteDataReader.NextResult()
   at Microsoft.Data.Sqlite.SqliteCommand.ExecuteReader(CommandBehavior behavior)
   at Microsoft.Data.Sqlite.SqliteCommand.ExecuteReaderAsync(CommandBehavior behavior, CancellationToken cancellationToken)
   at Microsoft.Data.Sqlite.SqliteCommand.ExecuteDbDataReaderAsync(CommandBehavior behavior, CancellationToken cancellationToken)
   at Microsoft.EntityFrameworkCore.Storage.RelationalCommand.ExecuteReaderAsync(RelationalCommandParameterObject parameterObject, CancellationToken cancellationToken)
   at Microsoft.EntityFrameworkCore.Storage.RelationalCommand.ExecuteReaderAsync(RelationalCommandParameterObject parameterObject, CancellationToken cancellationToken)
   at Microsoft.EntityFrameworkCore.Query.Internal.SingleQueryingEnumerable`1.AsyncEnumerator.InitializeReaderAsync(AsyncEnumerator enumerator, CancellationToken cancellationToken)
   at Microsoft.EntityFrameworkCore.Query.Internal.SingleQueryingEnumerable`1.AsyncEnumerator.MoveNextAsync()
Microsoft.Data.Sqlite.SqliteException (0x80004005): SQLite Error 1: 'no such table: AspNetUsers'.
   at Microsoft.Data.Sqlite.SqliteException.ThrowExceptionForRC(Int32 rc, sqlite3 db)
   at Microsoft.Data.Sqlite.SqliteCommand.PrepareAndEnumerateStatements()+MoveNext()
   at Microsoft.Data.Sqlite.SqliteCommand.GetStatements()+MoveNext()
   at Microsoft.Data.Sqlite.SqliteDataReader.NextResult()
   at Microsoft.Data.Sqlite.SqliteCommand.ExecuteReader(CommandBehavior behavior)
   at Microsoft.Data.Sqlite.SqliteCommand.ExecuteReaderAsync(CommandBehavior behavior, CancellationToken cancellationToken)
   at Microsoft.Data.Sqlite.SqliteCommand.ExecuteDbDataReaderAsync(CommandBehavior behavior, CancellationToken cancellationToken)
   at Microsoft.EntityFrameworkCore.Storage.RelationalCommand.ExecuteReaderAsync(RelationalCommandParameterObject parameterObject, CancellationToken cancellationToken)
   at Microsoft.EntityFrameworkCore.Storage.RelationalCommand.ExecuteReaderAsync(RelationalCommandParameterObject parameterObject, CancellationToken cancellationToken)
   at Microsoft.EntityFrameworkCore.Query.Internal.SingleQueryingEnumerable`1.AsyncEnumerator.InitializeReaderAsync(AsyncEnumerator enumerator, CancellationToken cancellationToken)
   at Microsoft.EntityFrameworkCore.Query.Internal.SingleQueryingEnumerable`1.AsyncEnumerator.MoveNextAsync()
2026-05-20 23:42:45.757 +05:30 [INF] Executed page /Account/Register in 177.6469ms
2026-05-20 23:42:45.760 +05:30 [INF] Executed endpoint '/Account/Register'
2026-05-20 23:42:45.762 +05:30 [ERR] HTTP POST /Account/Register responded 500 in 197.2585 ms
Microsoft.Data.Sqlite.SqliteException (0x80004005): SQLite Error 1: 'no such table: AspNetUsers'.
   at Microsoft.Data.Sqlite.SqliteException.ThrowExceptionForRC(Int32 rc, sqlite3 db)
   at Microsoft.Data.Sqlite.SqliteCommand.PrepareAndEnumerateStatements()+MoveNext()
   at Microsoft.Data.Sqlite.SqliteCommand.GetStatements()+MoveNext()
   at Microsoft.Data.Sqlite.SqliteDataReader.NextResult()
   at Microsoft.Data.Sqlite.SqliteCommand.ExecuteReader(CommandBehavior behavior)
   at Microsoft.Data.Sqlite.SqliteCommand.ExecuteReaderAsync(CommandBehavior behavior, CancellationToken cancellationToken)
   at Microsoft.Data.Sqlite.SqliteCommand.ExecuteDbDataReaderAsync(CommandBehavior behavior, CancellationToken cancellationToken)
   at Microsoft.EntityFrameworkCore.Storage.RelationalCommand.ExecuteReaderAsync(RelationalCommandParameterObject parameterObject, CancellationToken cancellationToken)
   at Microsoft.EntityFrameworkCore.Storage.RelationalCommand.ExecuteReaderAsync(RelationalCommandParameterObject parameterObject, CancellationToken cancellationToken)
   at Microsoft.EntityFrameworkCore.Query.Internal.SingleQueryingEnumerable`1.AsyncEnumerator.InitializeReaderAsync(AsyncEnumerator enumerator, CancellationToken cancellationToken)
   at Microsoft.EntityFrameworkCore.Query.Internal.SingleQueryingEnumerable`1.AsyncEnumerator.MoveNextAsync()
   at Microsoft.EntityFrameworkCore.Query.ShapedQueryCompilingExpressionVisitor.SingleOrDefaultAsync[TSource](IAsyncEnumerable`1 asyncEnumerable, CancellationToken cancellationToken)
   at Microsoft.EntityFrameworkCore.Query.ShapedQueryCompilingExpressionVisitor.SingleOrDefaultAsync[TSource](IAsyncEnumerable`1 asyncEnumerable, CancellationToken cancellationToken)
   at Microsoft.AspNetCore.Identity.UserManager`1.FindByNameAsync(String userName)
   at Microsoft.AspNetCore.Identity.UserValidator`1.ValidateUserName(UserManager`1 manager, TUser user)
   at Microsoft.AspNetCore.Identity.UserValidator`1.ValidateAsync(UserManager`1 manager, TUser user)
   at Microsoft.AspNetCore.Identity.UserManager`1.ValidateUserAsync(TUser user)
   at Microsoft.AspNetCore.Identity.UserManager`1.CreateCoreAsync(TUser user)
   at Microsoft.AspNetCore.Identity.UserManager`1.CreateAsync(TUser user)
   at Microsoft.AspNetCore.Identity.UserManager`1.CreateAsync(TUser user, String password)
   at InvoiceProcessingWebApp.Pages.Account.RegisterModel.OnPostAsync() in C:\Users\saldubey\InvoiceProcessingWebApp\Pages\Account\Register.cshtml.cs:line 44
   at Microsoft.AspNetCore.Mvc.RazorPages.Infrastructure.ExecutorFactory.GenericTaskHandlerMethod.Convert[T](Object taskAsObject)
   at Microsoft.AspNetCore.Mvc.RazorPages.Infrastructure.ExecutorFactory.GenericTaskHandlerMethod.Execute(Object receiver, Object[] arguments)
   at Microsoft.AspNetCore.Mvc.RazorPages.Infrastructure.PageActionInvoker.InvokeHandlerMethodAsync()
   at Microsoft.AspNetCore.Mvc.RazorPages.Infrastructure.PageActionInvoker.InvokeNextPageFilterAsync()
   at Microsoft.AspNetCore.Mvc.RazorPages.Infrastructure.PageActionInvoker.Rethrow(PageHandlerExecutedContext context)
   at Microsoft.AspNetCore.Mvc.RazorPages.Infrastructure.PageActionInvoker.Next(State& next, Scope& scope, Object& state, Boolean& isCompleted)
   at Microsoft.AspNetCore.Mvc.RazorPages.Infrastructure.PageActionInvoker.InvokeInnerFilterAsync()
   at Microsoft.AspNetCore.Mvc.Infrastructure.ResourceInvoker.<InvokeNextResourceFilter>g__Awaited|25_0(ResourceInvoker invoker, Task lastTask, State next, Scope scope, Object state, Boolean isCompleted)
   at Microsoft.AspNetCore.Mvc.Infrastructure.ResourceInvoker.Rethrow(ResourceExecutedContextSealed context)
   at Microsoft.AspNetCore.Mvc.Infrastructure.ResourceInvoker.Next(State& next, Scope& scope, Object& state, Boolean& isCompleted)
   at Microsoft.AspNetCore.Mvc.Infrastructure.ResourceInvoker.InvokeFilterPipelineAsync()
--- End of stack trace from previous location ---
   at Microsoft.AspNetCore.Mvc.Infrastructure.ResourceInvoker.<InvokeAsync>g__Logged|17_1(ResourceInvoker invoker)
   at Microsoft.AspNetCore.Mvc.Infrastructure.ResourceInvoker.<InvokeAsync>g__Logged|17_1(ResourceInvoker invoker)
   at Microsoft.AspNetCore.Routing.EndpointMiddleware.<Invoke>g__AwaitRequestTask|7_0(Endpoint endpoint, Task requestTask, ILogger logger)
   at Serilog.AspNetCore.RequestLoggingMiddleware.Invoke(HttpContext httpContext)
2026-05-20 23:42:45.804 +05:30 [ERR] An unhandled exception has occurred while executing the request.
Microsoft.Data.Sqlite.SqliteException (0x80004005): SQLite Error 1: 'no such table: AspNetUsers'.
   at Microsoft.Data.Sqlite.SqliteException.ThrowExceptionForRC(Int32 rc, sqlite3 db)
   at Microsoft.Data.Sqlite.SqliteCommand.PrepareAndEnumerateStatements()+MoveNext()
   at Microsoft.Data.Sqlite.SqliteCommand.GetStatements()+MoveNext()
   at Microsoft.Data.Sqlite.SqliteDataReader.NextResult()
   at Microsoft.Data.Sqlite.SqliteCommand.ExecuteReader(CommandBehavior behavior)
   at Microsoft.Data.Sqlite.SqliteCommand.ExecuteReaderAsync(CommandBehavior behavior, CancellationToken cancellationToken)
   at Microsoft.Data.Sqlite.SqliteCommand.ExecuteDbDataReaderAsync(CommandBehavior behavior, CancellationToken cancellationToken)
   at Microsoft.EntityFrameworkCore.Storage.RelationalCommand.ExecuteReaderAsync(RelationalCommandParameterObject parameterObject, CancellationToken cancellationToken)
   at Microsoft.EntityFrameworkCore.Storage.RelationalCommand.ExecuteReaderAsync(RelationalCommandParameterObject parameterObject, CancellationToken cancellationToken)
   at Microsoft.EntityFrameworkCore.Query.Internal.SingleQueryingEnumerable`1.AsyncEnumerator.InitializeReaderAsync(AsyncEnumerator enumerator, CancellationToken cancellationToken)
   at Microsoft.EntityFrameworkCore.Query.Internal.SingleQueryingEnumerable`1.AsyncEnumerator.MoveNextAsync()
   at Microsoft.EntityFrameworkCore.Query.ShapedQueryCompilingExpressionVisitor.SingleOrDefaultAsync[TSource](IAsyncEnumerable`1 asyncEnumerable, CancellationToken cancellationToken)
   at Microsoft.EntityFrameworkCore.Query.ShapedQueryCompilingExpressionVisitor.SingleOrDefaultAsync[TSource](IAsyncEnumerable`1 asyncEnumerable, CancellationToken cancellationToken)
   at Microsoft.AspNetCore.Identity.UserManager`1.FindByNameAsync(String userName)
   at Microsoft.AspNetCore.Identity.UserValidator`1.ValidateUserName(UserManager`1 manager, TUser user)
   at Microsoft.AspNetCore.Identity.UserValidator`1.ValidateAsync(UserManager`1 manager, TUser user)
   at Microsoft.AspNetCore.Identity.UserManager`1.ValidateUserAsync(TUser user)
   at Microsoft.AspNetCore.Identity.UserManager`1.CreateCoreAsync(TUser user)
   at Microsoft.AspNetCore.Identity.UserManager`1.CreateAsync(TUser user)
   at Microsoft.AspNetCore.Identity.UserManager`1.CreateAsync(TUser user, String password)
   at InvoiceProcessingWebApp.Pages.Account.RegisterModel.OnPostAsync() in C:\Users\saldubey\InvoiceProcessingWebApp\Pages\Account\Register.cshtml.cs:line 44
   at Microsoft.AspNetCore.Mvc.RazorPages.Infrastructure.ExecutorFactory.GenericTaskHandlerMethod.Convert[T](Object taskAsObject)
   at Microsoft.AspNetCore.Mvc.RazorPages.Infrastructure.ExecutorFactory.GenericTaskHandlerMethod.Execute(Object receiver, Object[] arguments)
   at Microsoft.AspNetCore.Mvc.RazorPages.Infrastructure.PageActionInvoker.InvokeHandlerMethodAsync()
   at Microsoft.AspNetCore.Mvc.RazorPages.Infrastructure.PageActionInvoker.InvokeNextPageFilterAsync()
   at Microsoft.AspNetCore.Mvc.RazorPages.Infrastructure.PageActionInvoker.Rethrow(PageHandlerExecutedContext context)
   at Microsoft.AspNetCore.Mvc.RazorPages.Infrastructure.PageActionInvoker.Next(State& next, Scope& scope, Object& state, Boolean& isCompleted)
   at Microsoft.AspNetCore.Mvc.RazorPages.Infrastructure.PageActionInvoker.InvokeInnerFilterAsync()
   at Microsoft.AspNetCore.Mvc.Infrastructure.ResourceInvoker.<InvokeNextResourceFilter>g__Awaited|25_0(ResourceInvoker invoker, Task lastTask, State next, Scope scope, Object state, Boolean isCompleted)
   at Microsoft.AspNetCore.Mvc.Infrastructure.ResourceInvoker.Rethrow(ResourceExecutedContextSealed context)
   at Microsoft.AspNetCore.Mvc.Infrastructure.ResourceInvoker.Next(State& next, Scope& scope, Object& state, Boolean& isCompleted)
   at Microsoft.AspNetCore.Mvc.Infrastructure.ResourceInvoker.InvokeFilterPipelineAsync()
--- End of stack trace from previous location ---
   at Microsoft.AspNetCore.Mvc.Infrastructure.ResourceInvoker.<InvokeAsync>g__Logged|17_1(ResourceInvoker invoker)
   at Microsoft.AspNetCore.Mvc.Infrastructure.ResourceInvoker.<InvokeAsync>g__Logged|17_1(ResourceInvoker invoker)
   at Microsoft.AspNetCore.Routing.EndpointMiddleware.<Invoke>g__AwaitRequestTask|7_0(Endpoint endpoint, Task requestTask, ILogger logger)
   at Serilog.AspNetCore.RequestLoggingMiddleware.Invoke(HttpContext httpContext)
   at Microsoft.AspNetCore.Authorization.AuthorizationMiddleware.Invoke(HttpContext context)
   at Microsoft.AspNetCore.Authentication.AuthenticationMiddleware.Invoke(HttpContext context)
   at Program.<>c.<<<Main>$>b__0_5>d.MoveNext() in C:\Users\saldubey\InvoiceProcessingWebApp\Program.cs:line 92
--- End of stack trace from previous location ---
   at Microsoft.AspNetCore.Diagnostics.DeveloperExceptionPageMiddlewareImpl.Invoke(HttpContext context)
2026-05-20 23:42:45.835 +05:30 [INF] Request finished HTTP/1.1 POST http://localhost:5113/Account/Register - 500 null text/html; charset=utf-8 305.5796ms
2026-05-20 23:44:37.219 +05:30 [INF] Request starting HTTP/1.1 GET http://localhost:5113/ - null null
2026-05-20 23:44:37.225 +05:30 [INF] Executing endpoint '/Index'
2026-05-20 23:44:37.227 +05:30 [INF] Route matched with {page = "/Index"}. Executing page /Index
2026-05-20 23:44:37.231 +05:30 [INF] Executing handler method InvoiceProcessingWebApp.Pages.IndexModel.OnGet - ModelState is "Valid"
2026-05-20 23:44:37.237 +05:30 [INF] Executed DbCommand (0ms) [Parameters=[], CommandType='"Text"', CommandTimeout='30']
SELECT COUNT(*)
FROM "Invoices" AS "i"
2026-05-20 23:44:37.382 +05:30 [INF] Executed DbCommand (0ms) [Parameters=[], CommandType='"Text"', CommandTimeout='30']
SELECT COUNT(*)
FROM "Invoices" AS "i"
WHERE "i"."Status" = 'Approved'
2026-05-20 23:44:37.390 +05:30 [INF] Executed DbCommand (0ms) [Parameters=[], CommandType='"Text"', CommandTimeout='30']
SELECT COUNT(*)
FROM "Invoices" AS "i"
WHERE "i"."Status" = 'Pending'
2026-05-20 23:44:37.393 +05:30 [INF] Executed DbCommand (0ms) [Parameters=[], CommandType='"Text"', CommandTimeout='30']
SELECT EXISTS (
    SELECT 1
    FROM "Invoices" AS "i")
2026-05-20 23:44:37.398 +05:30 [INF] Executed DbCommand (0ms) [Parameters=[], CommandType='"Text"', CommandTimeout='30']
SELECT COALESCE(ef_sum("i"."Amount"), '0.0')
FROM "Invoices" AS "i"
2026-05-20 23:44:37.421 +05:30 [INF] Executed handler method OnGet, returned result .
2026-05-20 23:44:37.423 +05:30 [INF] Executing an implicit handler method - ModelState is "Valid"
2026-05-20 23:44:37.425 +05:30 [INF] Executed an implicit handler method, returned result Microsoft.AspNetCore.Mvc.RazorPages.PageResult.
2026-05-20 23:44:37.430 +05:30 [INF] Executed page /Index in 199.2517ms
2026-05-20 23:44:37.437 +05:30 [INF] Executed endpoint '/Index'
2026-05-20 23:44:37.440 +05:30 [INF] HTTP GET / responded 200 in 214.3756 ms
2026-05-20 23:44:37.445 +05:30 [INF] Request finished HTTP/1.1 GET http://localhost:5113/ - 200 null text/html; charset=utf-8 225.6328ms
2026-05-20 23:44:55.892 +05:30 [INF] Request starting HTTP/1.1 GET http://localhost:5113/Invoices/Create - null null
2026-05-20 23:44:55.909 +05:30 [INF] Executing endpoint '/Invoices/Create'
2026-05-20 23:44:55.938 +05:30 [INF] Route matched with {page = "/Invoices/Create"}. Executing page /Invoices/Create
2026-05-20 23:44:55.943 +05:30 [INF] Executing handler method InvoiceProcessingWebApp.Pages.Invoices.CreateModel.OnGet - ModelState is "Valid"
2026-05-20 23:44:55.952 +05:30 [INF] Executed handler method OnGet, returned result .
2026-05-20 23:44:55.954 +05:30 [INF] Executing an implicit handler method - ModelState is "Valid"
2026-05-20 23:44:55.956 +05:30 [INF] Executed an implicit handler method, returned result Microsoft.AspNetCore.Mvc.RazorPages.PageResult.
2026-05-20 23:44:56.039 +05:30 [INF] Executed page /Invoices/Create in 97.733ms
2026-05-20 23:44:56.042 +05:30 [INF] Executed endpoint '/Invoices/Create'
2026-05-20 23:44:56.043 +05:30 [INF] HTTP GET /Invoices/Create responded 200 in 134.6209 ms
2026-05-20 23:44:56.048 +05:30 [INF] Request finished HTTP/1.1 GET http://localhost:5113/Invoices/Create - 200 null text/html; charset=utf-8 155.2972ms
2026-05-20 23:45:53.913 +05:30 [INF] Request starting HTTP/1.1 POST http://localhost:5113/Invoices/Create - application/x-www-form-urlencoded 405
2026-05-20 23:45:53.921 +05:30 [INF] Executing endpoint '/Invoices/Create'
2026-05-20 23:45:53.923 +05:30 [INF] Route matched with {page = "/Invoices/Create"}. Executing page /Invoices/Create
2026-05-20 23:45:53.965 +05:30 [INF] Executing handler method InvoiceProcessingWebApp.Pages.Invoices.CreateModel.OnPostAsync - ModelState is "Valid"
2026-05-20 23:45:54.296 +05:30 [INF] Executed DbCommand (6ms) [Parameters=[@p0='?' (DbType = Decimal), @p1='?' (DbType = DateTime), @p2='?' (Size = 4), @p3='?' (Size = 4), @p4='?' (Size = 8), @p5='?' (Size = 9)], CommandType='"Text"', CommandTimeout='30']
INSERT INTO "Invoices" ("Amount", "InvoiceDate", "InvoiceNumber", "PurchaseOrderNumber", "Status", "VendorName")
VALUES (@p0, @p1, @p2, @p3, @p4, @p5)
RETURNING "Id";
2026-05-20 23:45:54.353 +05:30 [INF] Executed handler method OnPostAsync, returned result Microsoft.AspNetCore.Mvc.RedirectToPageResult.
2026-05-20 23:45:54.356 +05:30 [INF] Executing RedirectToPageResult, redirecting to /Invoices/Index.
2026-05-20 23:45:54.358 +05:30 [INF] Executed page /Invoices/Create in 417.7247ms
2026-05-20 23:45:54.360 +05:30 [INF] Executed endpoint '/Invoices/Create'
2026-05-20 23:45:54.362 +05:30 [INF] HTTP POST /Invoices/Create responded 302 in 441.4991 ms
2026-05-20 23:45:54.365 +05:30 [INF] Request finished HTTP/1.1 POST http://localhost:5113/Invoices/Create - 302 0 null 452.6014ms
2026-05-20 23:45:54.373 +05:30 [INF] Request starting HTTP/1.1 GET http://localhost:5113/Invoices - null null
2026-05-20 23:45:54.378 +05:30 [INF] Executing endpoint '/Invoices/Index'
2026-05-20 23:45:54.394 +05:30 [INF] Route matched with {page = "/Invoices/Index"}. Executing page /Invoices/Index
2026-05-20 23:45:54.398 +05:30 [INF] Executing handler method InvoiceProcessingWebApp.Pages.Invoices.IndexModel.OnGet - ModelState is "Valid"
2026-05-20 23:45:54.402 +05:30 [INF] Executed DbCommand (0ms) [Parameters=[], CommandType='"Text"', CommandTimeout='30']
SELECT COUNT(*)
FROM "Invoices" AS "i"
2026-05-20 23:45:54.433 +05:30 [INF] Executed DbCommand (2ms) [Parameters=[@p1='?' (DbType = Int32), @p='?' (DbType = Int32)], CommandType='"Text"', CommandTimeout='30']
SELECT "i"."Id", "i"."Amount", "i"."InvoiceDate", "i"."InvoiceNumber", "i"."PurchaseOrderNumber", "i"."Status", "i"."VendorName"
FROM "Invoices" AS "i"
ORDER BY "i"."InvoiceDate" DESC
LIMIT @p1 OFFSET @p
2026-05-20 23:45:54.444 +05:30 [INF] Executed handler method OnGet, returned result .
2026-05-20 23:45:54.446 +05:30 [INF] Executing an implicit handler method - ModelState is "Valid"
2026-05-20 23:45:54.448 +05:30 [INF] Executed an implicit handler method, returned result Microsoft.AspNetCore.Mvc.RazorPages.PageResult.
2026-05-20 23:45:54.481 +05:30 [INF] Executed page /Invoices/Index in 84.6386ms
2026-05-20 23:45:54.484 +05:30 [INF] Executed endpoint '/Invoices/Index'
2026-05-20 23:45:54.485 +05:30 [INF] HTTP GET /Invoices responded 200 in 107.5659 ms
2026-05-20 23:45:54.494 +05:30 [INF] Request finished HTTP/1.1 GET http://localhost:5113/Invoices - 200 null text/html; charset=utf-8 120.575ms
2026-05-20 23:46:00.195 +05:30 [INF] Request starting HTTP/1.1 GET http://localhost:5113/Invoices/Edit/3 - null null
2026-05-20 23:46:00.199 +05:30 [INF] Executing endpoint '/Invoices/Edit'
2026-05-20 23:46:00.220 +05:30 [INF] Route matched with {page = "/Invoices/Edit"}. Executing page /Invoices/Edit
2026-05-20 23:46:00.227 +05:30 [INF] Executing handler method InvoiceProcessingWebApp.Pages.Invoices.EditModel.OnGet - ModelState is "Valid"
2026-05-20 23:46:00.265 +05:30 [INF] Executed DbCommand (0ms) [Parameters=[@p='?' (DbType = Int32)], CommandType='"Text"', CommandTimeout='30']
SELECT "i"."Id", "i"."Amount", "i"."InvoiceDate", "i"."InvoiceNumber", "i"."PurchaseOrderNumber", "i"."Status", "i"."VendorName"
FROM "Invoices" AS "i"
WHERE "i"."Id" = @p
LIMIT 1
2026-05-20 23:46:00.269 +05:30 [INF] Executed handler method OnGet, returned result Microsoft.AspNetCore.Mvc.RazorPages.PageResult.
2026-05-20 23:46:00.325 +05:30 [INF] Executed page /Invoices/Edit in 100.4456ms
2026-05-20 23:46:00.328 +05:30 [INF] Executed endpoint '/Invoices/Edit'
2026-05-20 23:46:00.330 +05:30 [INF] HTTP GET /Invoices/Edit/3 responded 200 in 130.9747 ms
2026-05-20 23:46:00.333 +05:30 [INF] Request finished HTTP/1.1 GET http://localhost:5113/Invoices/Edit/3 - 200 null text/html; charset=utf-8 138.6433ms
2026-05-20 23:48:11.915 +05:30 [INF] Request starting HTTP/1.1 GET http://localhost:5113/Invoices/Analytics - null null
2026-05-20 23:48:11.954 +05:30 [INF] Executing endpoint '/Invoices/Analytics'
2026-05-20 23:48:11.984 +05:30 [INF] Route matched with {page = "/Invoices/Analytics"}. Executing page /Invoices/Analytics
2026-05-20 23:48:11.988 +05:30 [INF] Executing handler method InvoiceProcessingWebApp.Pages.Invoices.AnalyticsModel.OnGet - ModelState is "Valid"
2026-05-20 23:48:12.008 +05:30 [INF] Executed DbCommand (0ms) [Parameters=[], CommandType='"Text"', CommandTimeout='30']
SELECT "i"."Id", "i"."Amount", "i"."InvoiceDate", "i"."InvoiceNumber", "i"."PurchaseOrderNumber", "i"."Status", "i"."VendorName"
FROM "Invoices" AS "i"
2026-05-20 23:48:12.023 +05:30 [INF] Executed handler method OnGet, returned result .
2026-05-20 23:48:12.027 +05:30 [INF] Executing an implicit handler method - ModelState is "Valid"
2026-05-20 23:48:12.029 +05:30 [INF] Executed an implicit handler method, returned result Microsoft.AspNetCore.Mvc.RazorPages.PageResult.
2026-05-20 23:48:12.052 +05:30 [INF] Executed page /Invoices/Analytics in 64.6255ms
2026-05-20 23:48:12.054 +05:30 [INF] Executed endpoint '/Invoices/Analytics'
2026-05-20 23:48:12.056 +05:30 [INF] HTTP GET /Invoices/Analytics responded 200 in 101.7451 ms
2026-05-20 23:48:12.063 +05:30 [INF] Request finished HTTP/1.1 GET http://localhost:5113/Invoices/Analytics - 200 null text/html; charset=utf-8 146.9135ms
2026-05-20 23:48:24.050 +05:30 [INF] Request starting HTTP/1.1 GET http://localhost:5113/ - null null
2026-05-20 23:48:24.056 +05:30 [INF] Executing endpoint '/Index'
2026-05-20 23:48:24.059 +05:30 [INF] Route matched with {page = "/Index"}. Executing page /Index
2026-05-20 23:48:24.062 +05:30 [INF] Executing handler method InvoiceProcessingWebApp.Pages.IndexModel.OnGet - ModelState is "Valid"
2026-05-20 23:48:24.081 +05:30 [INF] Executed DbCommand (0ms) [Parameters=[], CommandType='"Text"', CommandTimeout='30']
SELECT COUNT(*)
FROM "Invoices" AS "i"
2026-05-20 23:48:24.097 +05:30 [INF] Executed DbCommand (0ms) [Parameters=[], CommandType='"Text"', CommandTimeout='30']
SELECT COUNT(*)
FROM "Invoices" AS "i"
WHERE "i"."Status" = 'Approved'
2026-05-20 23:48:24.113 +05:30 [INF] Executed DbCommand (0ms) [Parameters=[], CommandType='"Text"', CommandTimeout='30']
SELECT COUNT(*)
FROM "Invoices" AS "i"
WHERE "i"."Status" = 'Pending'
2026-05-20 23:48:24.118 +05:30 [INF] Executed DbCommand (0ms) [Parameters=[], CommandType='"Text"', CommandTimeout='30']
SELECT EXISTS (
    SELECT 1
    FROM "Invoices" AS "i")
2026-05-20 23:48:24.124 +05:30 [INF] Executed DbCommand (0ms) [Parameters=[], CommandType='"Text"', CommandTimeout='30']
SELECT COALESCE(ef_sum("i"."Amount"), '0.0')
FROM "Invoices" AS "i"
2026-05-20 23:48:24.128 +05:30 [INF] Executed handler method OnGet, returned result .
2026-05-20 23:48:24.130 +05:30 [INF] Executing an implicit handler method - ModelState is "Valid"
2026-05-20 23:48:24.134 +05:30 [INF] Executed an implicit handler method, returned result Microsoft.AspNetCore.Mvc.RazorPages.PageResult.
2026-05-20 23:48:24.138 +05:30 [INF] Executed page /Index in 76.7055ms
2026-05-20 23:48:24.143 +05:30 [INF] Executed endpoint '/Index'
2026-05-20 23:48:24.146 +05:30 [INF] HTTP GET / responded 200 in 90.6200 ms
2026-05-20 23:48:24.157 +05:30 [INF] Request finished HTTP/1.1 GET http://localhost:5113/ - 200 null text/html; charset=utf-8 106.5478ms
2026-05-20 23:49:34.527 +05:30 [INF] Request starting HTTP/1.1 GET http://localhost:5113/ - null null
2026-05-20 23:49:34.556 +05:30 [INF] Executing endpoint '/Index'
2026-05-20 23:49:34.561 +05:30 [INF] Route matched with {page = "/Index"}. Executing page /Index
2026-05-20 23:49:34.569 +05:30 [INF] Executing handler method InvoiceProcessingWebApp.Pages.IndexModel.OnGet - ModelState is "Valid"
2026-05-20 23:49:34.573 +05:30 [INF] Executed DbCommand (0ms) [Parameters=[], CommandType='"Text"', CommandTimeout='30']
SELECT COUNT(*)
FROM "Invoices" AS "i"
2026-05-20 23:49:34.584 +05:30 [INF] Executed DbCommand (0ms) [Parameters=[], CommandType='"Text"', CommandTimeout='30']
SELECT COUNT(*)
FROM "Invoices" AS "i"
WHERE "i"."Status" = 'Approved'
2026-05-20 23:49:34.589 +05:30 [INF] Executed DbCommand (0ms) [Parameters=[], CommandType='"Text"', CommandTimeout='30']
SELECT COUNT(*)
FROM "Invoices" AS "i"
WHERE "i"."Status" = 'Pending'
2026-05-20 23:49:34.593 +05:30 [INF] Executed DbCommand (0ms) [Parameters=[], CommandType='"Text"', CommandTimeout='30']
SELECT EXISTS (
    SELECT 1
    FROM "Invoices" AS "i")
2026-05-20 23:49:34.602 +05:30 [INF] Executed DbCommand (0ms) [Parameters=[], CommandType='"Text"', CommandTimeout='30']
SELECT COALESCE(ef_sum("i"."Amount"), '0.0')
FROM "Invoices" AS "i"
2026-05-20 23:49:34.606 +05:30 [INF] Executed handler method OnGet, returned result .
2026-05-20 23:49:34.607 +05:30 [INF] Executing an implicit handler method - ModelState is "Valid"
2026-05-20 23:49:34.609 +05:30 [INF] Executed an implicit handler method, returned result Microsoft.AspNetCore.Mvc.RazorPages.PageResult.
2026-05-20 23:49:34.611 +05:30 [INF] Executed page /Index in 43.3511ms
2026-05-20 23:49:34.617 +05:30 [INF] Executed endpoint '/Index'
2026-05-20 23:49:34.619 +05:30 [INF] HTTP GET / responded 200 in 63.3051 ms
2026-05-20 23:49:34.625 +05:30 [INF] Request finished HTTP/1.1 GET http://localhost:5113/ - 200 null text/html; charset=utf-8 98.1444ms
2026-05-20 23:49:39.707 +05:30 [INF] Request starting HTTP/1.1 GET http://localhost:5113/Account/Login - null null
2026-05-20 23:49:39.721 +05:30 [INF] Executing endpoint '/Account/Login'
2026-05-20 23:49:39.724 +05:30 [INF] Route matched with {page = "/Account/Login"}. Executing page /Account/Login
2026-05-20 23:49:39.740 +05:30 [INF] Executing handler method InvoiceProcessingWebApp.Pages.Account.LoginModel.OnGet - ModelState is "Valid"
2026-05-20 23:49:39.752 +05:30 [INF] Executed handler method OnGet, returned result .
2026-05-20 23:49:39.756 +05:30 [INF] Executing an implicit handler method - ModelState is "Valid"
2026-05-20 23:49:39.758 +05:30 [INF] Executed an implicit handler method, returned result Microsoft.AspNetCore.Mvc.RazorPages.PageResult.
2026-05-20 23:49:39.765 +05:30 [INF] Executed page /Account/Login in 25.6321ms
2026-05-20 23:49:39.768 +05:30 [INF] Executed endpoint '/Account/Login'
2026-05-20 23:49:39.771 +05:30 [INF] HTTP GET /Account/Login responded 200 in 49.9688 ms
2026-05-20 23:49:39.776 +05:30 [INF] Request finished HTTP/1.1 GET http://localhost:5113/Account/Login - 200 null text/html; charset=utf-8 68.6107ms
2026-05-20 23:49:56.666 +05:30 [INF] Request starting HTTP/1.1 GET http://localhost:5113/Account/Register - null null
2026-05-20 23:49:56.670 +05:30 [INF] Executing endpoint '/Account/Register'
2026-05-20 23:49:56.682 +05:30 [INF] Route matched with {page = "/Account/Register"}. Executing page /Account/Register
2026-05-20 23:49:56.686 +05:30 [INF] Executing an implicit handler method - ModelState is "Valid"
2026-05-20 23:49:56.692 +05:30 [INF] Executed an implicit handler method, returned result Microsoft.AspNetCore.Mvc.RazorPages.PageResult.
2026-05-20 23:49:56.701 +05:30 [INF] Executed page /Account/Register in 15.7429ms
2026-05-20 23:49:56.744 +05:30 [INF] Executed endpoint '/Account/Register'
2026-05-20 23:49:56.748 +05:30 [INF] HTTP GET /Account/Register responded 200 in 77.9714 ms
2026-05-20 23:49:56.764 +05:30 [INF] Request finished HTTP/1.1 GET http://localhost:5113/Account/Register - 200 null text/html; charset=utf-8 97.7156ms
2026-05-20 23:51:00.032 +05:30 [INF] Request starting HTTP/1.1 GET http://localhost:5113/Invoices/Index - null null
2026-05-20 23:51:00.098 +05:30 [INF] Executing endpoint '/Invoices/Index'
2026-05-20 23:51:00.122 +05:30 [INF] Route matched with {page = "/Invoices/Index"}. Executing page /Invoices/Index
2026-05-20 23:51:00.124 +05:30 [INF] Executing handler method InvoiceProcessingWebApp.Pages.Invoices.IndexModel.OnGet - ModelState is "Valid"
2026-05-20 23:51:00.127 +05:30 [INF] Executed DbCommand (0ms) [Parameters=[], CommandType='"Text"', CommandTimeout='30']
SELECT COUNT(*)
FROM "Invoices" AS "i"
2026-05-20 23:51:00.131 +05:30 [INF] Executed DbCommand (0ms) [Parameters=[@p1='?' (DbType = Int32), @p='?' (DbType = Int32)], CommandType='"Text"', CommandTimeout='30']
SELECT "i"."Id", "i"."Amount", "i"."InvoiceDate", "i"."InvoiceNumber", "i"."PurchaseOrderNumber", "i"."Status", "i"."VendorName"
FROM "Invoices" AS "i"
ORDER BY "i"."InvoiceDate" DESC
LIMIT @p1 OFFSET @p
2026-05-20 23:51:00.176 +05:30 [INF] Executed handler method OnGet, returned result .
2026-05-20 23:51:00.181 +05:30 [INF] Executing an implicit handler method - ModelState is "Valid"
2026-05-20 23:51:00.184 +05:30 [INF] Executed an implicit handler method, returned result Microsoft.AspNetCore.Mvc.RazorPages.PageResult.
2026-05-20 23:51:00.191 +05:30 [INF] Executed page /Invoices/Index in 67.2979ms
2026-05-20 23:51:00.207 +05:30 [INF] Executed endpoint '/Invoices/Index'
2026-05-20 23:51:00.233 +05:30 [INF] HTTP GET /Invoices/Index responded 200 in 134.7129 ms
2026-05-20 23:51:00.299 +05:30 [INF] Request finished HTTP/1.1 GET http://localhost:5113/Invoices/Index - 200 null text/html; charset=utf-8 266.7619ms
2026-05-20 23:51:25.650 +05:30 [INF] Request starting HTTP/1.1 GET http://localhost:5113/Invoices/Create - null null
2026-05-20 23:51:25.661 +05:30 [INF] Executing endpoint '/Invoices/Create'
2026-05-20 23:51:25.663 +05:30 [INF] Route matched with {page = "/Invoices/Create"}. Executing page /Invoices/Create
2026-05-20 23:51:25.680 +05:30 [INF] Executing handler method InvoiceProcessingWebApp.Pages.Invoices.CreateModel.OnGet - ModelState is "Valid"
2026-05-20 23:51:25.700 +05:30 [INF] Executed handler method OnGet, returned result .
2026-05-20 23:51:25.702 +05:30 [INF] Executing an implicit handler method - ModelState is "Valid"
2026-05-20 23:51:25.704 +05:30 [INF] Executed an implicit handler method, returned result Microsoft.AspNetCore.Mvc.RazorPages.PageResult.
2026-05-20 23:51:25.712 +05:30 [INF] Executed page /Invoices/Create in 31.7673ms
2026-05-20 23:51:25.718 +05:30 [INF] Executed endpoint '/Invoices/Create'
2026-05-20 23:51:25.721 +05:30 [INF] HTTP GET /Invoices/Create responded 200 in 59.6420 ms
2026-05-20 23:51:25.748 +05:30 [INF] Request finished HTTP/1.1 GET http://localhost:5113/Invoices/Create - 200 null text/html; charset=utf-8 98.0773ms
2026-05-20 23:51:48.292 +05:30 [INF] Request starting HTTP/1.1 GET http://localhost:5113/Invoices/Upload - null null
2026-05-20 23:51:48.299 +05:30 [INF] Executing endpoint '/Invoices/Upload'
2026-05-20 23:51:48.320 +05:30 [INF] Route matched with {page = "/Invoices/Upload"}. Executing page /Invoices/Upload
2026-05-20 23:51:48.325 +05:30 [INF] Executing an implicit handler method - ModelState is "Valid"
2026-05-20 23:51:48.337 +05:30 [INF] Executed an implicit handler method, returned result Microsoft.AspNetCore.Mvc.RazorPages.PageResult.
2026-05-20 23:51:48.359 +05:30 [INF] Executed page /Invoices/Upload in 35.0761ms
2026-05-20 23:51:48.377 +05:30 [INF] Executed endpoint '/Invoices/Upload'
2026-05-20 23:51:48.389 +05:30 [INF] HTTP GET /Invoices/Upload responded 200 in 89.8578 ms
2026-05-20 23:51:48.392 +05:30 [INF] Request finished HTTP/1.1 GET http://localhost:5113/Invoices/Upload - 200 null text/html; charset=utf-8 99.3301ms
2026-05-20 23:52:05.147 +05:30 [INF] Request starting HTTP/1.1 GET http://localhost:5113/Invoices/Analytics - null null
2026-05-20 23:52:05.151 +05:30 [INF] Executing endpoint '/Invoices/Analytics'
2026-05-20 23:52:05.152 +05:30 [INF] Route matched with {page = "/Invoices/Analytics"}. Executing page /Invoices/Analytics
2026-05-20 23:52:05.155 +05:30 [INF] Executing handler method InvoiceProcessingWebApp.Pages.Invoices.AnalyticsModel.OnGet - ModelState is "Valid"
2026-05-20 23:52:05.158 +05:30 [INF] Executed DbCommand (0ms) [Parameters=[], CommandType='"Text"', CommandTimeout='30']
SELECT "i"."Id", "i"."Amount", "i"."InvoiceDate", "i"."InvoiceNumber", "i"."PurchaseOrderNumber", "i"."Status", "i"."VendorName"
FROM "Invoices" AS "i"
2026-05-20 23:52:05.170 +05:30 [INF] Executed handler method OnGet, returned result .
2026-05-20 23:52:05.172 +05:30 [INF] Executing an implicit handler method - ModelState is "Valid"
2026-05-20 23:52:05.174 +05:30 [INF] Executed an implicit handler method, returned result Microsoft.AspNetCore.Mvc.RazorPages.PageResult.
2026-05-20 23:52:05.180 +05:30 [INF] Executed page /Invoices/Analytics in 25.8848ms
2026-05-20 23:52:05.191 +05:30 [INF] Executed endpoint '/Invoices/Analytics'
2026-05-20 23:52:05.194 +05:30 [INF] HTTP GET /Invoices/Analytics responded 200 in 42.9181 ms
2026-05-20 23:52:05.205 +05:30 [INF] Request finished HTTP/1.1 GET http://localhost:5113/Invoices/Analytics - 200 null text/html; charset=utf-8 58.8172ms
2026-05-20 23:52:38.652 +05:30 [INF] Request starting HTTP/1.1 GET http://localhost:5113/Privacy - null null
2026-05-20 23:52:38.668 +05:30 [INF] Executing endpoint '/Privacy'
2026-05-20 23:52:38.696 +05:30 [INF] Route matched with {page = "/Privacy"}. Executing page /Privacy
2026-05-20 23:52:38.699 +05:30 [INF] Executing handler method InvoiceProcessingWebApp.Pages.PrivacyModel.OnGet - ModelState is "Valid"
2026-05-20 23:52:38.711 +05:30 [INF] Executed handler method OnGet, returned result .
2026-05-20 23:52:38.713 +05:30 [INF] Executing an implicit handler method - ModelState is "Valid"
2026-05-20 23:52:38.714 +05:30 [INF] Executed an implicit handler method, returned result Microsoft.AspNetCore.Mvc.RazorPages.PageResult.
2026-05-20 23:52:38.729 +05:30 [INF] Executed page /Privacy in 30.483ms
2026-05-20 23:52:38.732 +05:30 [INF] Executed endpoint '/Privacy'
2026-05-20 23:52:38.739 +05:30 [INF] HTTP GET /Privacy responded 200 in 70.4448 ms
2026-05-20 23:52:38.743 +05:30 [INF] Request finished HTTP/1.1 GET http://localhost:5113/Privacy - 200 null text/html; charset=utf-8 90.3158ms
